
Ryan@Ryans-Surface MINGW64 ~ (master)
$ git clone <repo>
bash: syntax error near unexpected token `newline'

Ryan@Ryans-Surface MINGW64 ~ (master)
$ git clone
fatal: You must specify a repository to clone.

usage: git clone [<options>] [--] <repo> [<dir>]

    -v, --verbose         be more verbose
    -q, --quiet           be more quiet
    --progress            force progress reporting
    -n, --no-checkout     don't create a checkout
    --bare                create a bare repository
    --mirror              create a mirror repository (implies bare)
    -l, --local           to clone from a local repository
    --no-hardlinks        don't use local hardlinks, always copy
    -s, --shared          setup as shared repository
    --recurse-submodules[=<pathspec>]
                          initialize submodules in the clone
    -j, --jobs <n>        number of submodules cloned in parallel
    --template <template-directory>
                          directory from which templates will be used
    --reference <repo>    reference repository
    --reference-if-able <repo>
                          reference repository
    --dissociate          use --reference only while cloning
    -o, --origin <name>   use <name> instead of 'origin' to track upstream
    -b, --branch <branch>
                          checkout <branch> instead of the remote's HEAD
    -u, --upload-pack <path>
                          path to git-upload-pack on the remote
    --depth <depth>       create a shallow clone of that depth
    --shallow-since <time>
                          create a shallow clone since a specific time
    --shallow-exclude <revision>
                          deepen history of shallow clone, excluding rev
    --single-branch       clone only one branch, HEAD or --branch
    --no-tags             don't clone any tags, and make later fetches not to fo    llow them
    --shallow-submodules  any cloned submodules will be shallow
    --separate-git-dir <gitdir>
                          separate git dir from working tree
    -c, --config <key=value>
                          set config inside the new repository
    -4, --ipv4            use IPv4 addresses only
    -6, --ipv6            use IPv6 addresses only


Ryan@Ryans-Surface MINGW64 ~ (master)
$ git clone MECH105
fatal: destination path 'MECH105' already exists and is not an empty directory.

Ryan@Ryans-Surface MINGW64 ~ (master)
$ Git pull MECH105
fatal: Couldn't find remote ref HEAD
fatal: The remote end hung up unexpectedly

Ryan@Ryans-Surface MINGW64 ~ (master)
$ git config Rfahren
error: key does not contain a section: Rfahren

Ryan@Ryans-Surface MINGW64 ~ (master)
$ git config global
error: key does not contain a section: global

Ryan@Ryans-Surface MINGW64 ~ (master)
$ git clean -n
Would remove .bash_history
Would remove .gitconfig
Would remove NTUSER.DAT
Would remove NTUSER.DAT{b70d14dd-2621-11e7-9e3c-e62554c1e70a}.TxR.0.regtrans-ms
Would remove NTUSER.DAT{b70d14dd-2621-11e7-9e3c-e62554c1e70a}.TxR.1.regtrans-ms
Would remove NTUSER.DAT{b70d14dd-2621-11e7-9e3c-e62554c1e70a}.TxR.2.regtrans-ms
Would remove NTUSER.DAT{b70d14dd-2621-11e7-9e3c-e62554c1e70a}.TxR.blf
Would remove NTUSER.DAT{b70d14de-2621-11e7-9e3c-e62554c1e70a}.TM.blf
Would remove NTUSER.DAT{b70d14de-2621-11e7-9e3c-e62554c1e70a}.TMContainer00000000000000000001.regtrans-ms
Would remove NTUSER.DAT{b70d14de-2621-11e7-9e3c-e62554c1e70a}.TMContainer00000000000000000002.regtrans-ms
Would remove ntuser.dat.LOG1
Would remove ntuser.dat.LOG2
Would remove ntuser.ini

Ryan@Ryans-Surface MINGW64 ~ (master)
$ git init
Reinitialized existing Git repository in C:/Users/Ryan/.git/

Ryan@Ryans-Surface MINGW64 ~ (master)
$ git push origin
fatal: The current branch master has no upstream branch.
To push the current branch and set the remote as upstream, use

    git push --set-upstream origin master


Ryan@Ryans-Surface MINGW64 ~ (master)
$

Ryan@Ryans-Surface MINGW64 ~ (master)
$ git remote add origin https://github.com/Rfahren/MECH105.git

Ryan@Ryans-Surface MINGW64 ~ (master)
$ git add .
warning: LF will be replaced by CRLF in .bash_history.
The file will have its original line endings in your working directory.
warning: LF will be replaced by CRLF in .gitconfig.
The file will have its original line endings in your working directory.
warning: LF will be replaced by CRLF in AppData/Local/Akamai/CplTasks.xml.
The file will have its original line endings in your working directory.
warning: LF will be replaced by CRLF in AppData/Local/Akamai/Logs/daemon.debug.log.170104_174041.sent.
The file will have its original line endings in your working directory.
warning: LF will be replaced by CRLF in AppData/Local/Akamai/Logs/daemon.debug.log.170104_175148.sent.
The file will have its original line endings in your working directory.
warning: LF will be replaced by CRLF in AppData/Local/Akamai/Logs/daemon.debug.log.170104_175459.sent.
The file will have its original line endings in your working directory.
warning: LF will be replaced by CRLF in AppData/Local/Akamai/Logs/daemon.debug.log.170104_193025.sent.
The file will have its original line endings in your working directory.
warning: LF will be replaced by CRLF in AppData/Local/Akamai/Logs/daemon.debug.log.170104_214508.upload.
The file will have its original line endings in your working directory.
warning: LF will be replaced by CRLF in AppData/Local/Akamai/Logs/debug.log.
The file will have its original line endings in your working directory.
warning: LF will be replaced by CRLF in AppData/Local/Akamai/Logs/debug.log.170104_174044.sent.
The file will have its original line endings in your working directory.
warning: LF will be replaced by CRLF in AppData/Local/Akamai/Logs/debug.log.170104_175501.sent.
The file will have its original line endings in your working directory.
warning: LF will be replaced by CRLF in AppData/Local/Akamai/Logs/debug.log.170104_193027.sent.
The file will have its original line endings in your working directory.
warning: LF will be replaced by CRLF in AppData/Local/Akamai/Logs/debug.log.170104_203027.sent.
The file will have its original line endings in your working directory.
warning: LF will be replaced by CRLF in AppData/Local/Akamai/Logs/debug.log.170104_213027.sent.
The file will have its original line endings in your working directory.
warning: LF will be replaced by CRLF in AppData/Local/Akamai/client.ini.
The file will have its original line endings in your working directory.
warning: LF will be replaced by CRLF in AppData/Local/Akamai/euc_state.json.
The file will have its original line endings in your working directory.
warning: LF will be replaced by CRLF in AppData/Local/Akamai/extraroot.pem.
The file will have its original line endings in your working directory.
warning: LF will be replaced by CRLF in AppData/Local/Akamai/installer.txt.
The file will have its original line endings in your working directory.
warning: LF will be replaced by CRLF in AppData/Local/Akamai/root.pem.
The file will have its original line endings in your working directory.
warning: LF will be replaced by CRLF in AppData/Local/Akamai/user.dat.
The file will have its original line endings in your working directory.
warning: LF will be replaced by CRLF in AppData/Local/Apple Computer/iTunes/StoreLocalStorage.plist.
The file will have its original line endings in your working directory.
warning: LF will be replaced by CRLF in AppData/Local/Apple Computer/iTunes/iPodDevices.xml.
The file will have its original line endings in your working directory.
warning: LF will be replaced by CRLF in AppData/Local/Apps/2.0/OZK3XJD7.JK3/J2VVDBYW.6ML/manifests/webb...exe_767eb7b0af98b82b_0008.0009_none_bcb7b19cc0b31c0e.manifest.
The file will have its original line endings in your working directory.
warning: LF will be replaced by CRLF in AppData/Local/Apps/2.0/OZK3XJD7.JK3/J2VVDBYW.6ML/webb..tion_767eb7b0af98b82b_0008.0009_45d0af79838e00b7/WebBrowserAuthenticate.exe.manifest.
The file will have its original line endings in your working directory.
warning: LF will be replaced by CRLF in AppData/Local/Apps/2.0/OZK3XJD7.JK3/J2VVDBYW.6ML/webb..tion_767eb7b0af98b82b_0008.0009_45d0af79838e00b7/debug.log.
The file will have its original line endings in your working directory.


Ryan@Ryans-Surface MINGW64 ~ (master)
$ git add
Nothing specified, nothing added.
Maybe you wanted to say 'git add .'?

Ryan@Ryans-Surface MINGW64 ~ (master)
$ git add .
warning: LF will be replaced by CRLF in .bash_history.
The file will have its original line endings in your working directory.
warning: LF will be replaced by CRLF in .gitconfig.
The file will have its original line endings in your working directory.
warning: LF will be replaced by CRLF in AppData/Local/Akamai/CplTasks.xml.
The file will have its original line endings in your working directory.
warning: LF will be replaced by CRLF in AppData/Local/Akamai/Logs/daemon.debug.log.170104_174041.sent.
The file will have its original line endings in your working directory.
warning: LF will be replaced by CRLF in AppData/Local/Akamai/Logs/daemon.debug.log.170104_175148.sent.
The file will have its original line endings in your working directory.
warning: LF will be replaced by CRLF in AppData/Local/Akamai/Logs/daemon.debug.log.170104_175459.sent.
The file will have its original line endings in your working directory.
warning: LF will be replaced by CRLF in AppData/Local/Akamai/Logs/daemon.debug.log.170104_193025.sent.
The file will have its original line endings in your working directory.
warning: LF will be replaced by CRLF in AppData/Local/Akamai/Logs/daemon.debug.log.170104_214508.upload.
The file will have its original line endings in your working directory.
warning: LF will be replaced by CRLF in AppData/Local/Akamai/Logs/debug.log.
The file will have its original line endings in your working directory.
warning: LF will be replaced by CRLF in AppData/Local/Akamai/Logs/debug.log.170104_174044.sent.
The file will have its original line endings in your working directory.
warning: LF will be replaced by CRLF in AppData/Local/Akamai/Logs/debug.log.170104_175501.sent.
The file will have its original line endings in your working directory.
warning: LF will be replaced by CRLF in AppData/Local/Akamai/Logs/debug.log.170104_193027.sent.
The file will have its original line endings in your working directory.
warning: LF will be replaced by CRLF in AppData/Local/Akamai/Logs/debug.log.170104_203027.sent.
The file will have its original line endings in your working directory.
warning: LF will be replaced by CRLF in AppData/Local/Akamai/Logs/debug.log.170104_213027.sent.
The file will have its original line endings in your working directory.
warning: LF will be replaced by CRLF in AppData/Local/Akamai/client.ini.
The file will have its original line endings in your working directory.
warning: LF will be replaced by CRLF in AppData/Local/Akamai/euc_state.json.
The file will have its original line endings in your working directory.
warning: LF will be replaced by CRLF in AppData/Local/Akamai/extraroot.pem.
The file will have its original line endings in your working directory.
warning: LF will be replaced by CRLF in AppData/Local/Akamai/installer.txt.
The file will have its original line endings in your working directory.
warning: LF will be replaced by CRLF in AppData/Local/Akamai/root.pem.
The file will have its original line endings in your working directory.
warning: LF will be replaced by CRLF in AppData/Local/Akamai/user.dat.
The file will have its original line endings in your working directory.
warning: LF will be replaced by CRLF in AppData/Local/Apple Computer/iTunes/StoreLocalStorage.plist.
The file will have its original line endings in your working directory.
warning: LF will be replaced by CRLF in AppData/Local/Apple Computer/iTunes/iPodDevices.xml.
The file will have its original line endings in your working directory.
warning: LF will be replaced by CRLF in AppData/Local/Apps/2.0/OZK3XJD7.JK3/J2VVDBYW.6ML/manifests/webb...exe_767eb7b0af98b82b_0008.0009_none_bcb7b19cc0b31c0e.manifest.
The file will have its original line endings in your working directory.
warning: LF will be replaced by CRLF in AppData/Local/Apps/2.0/OZK3XJD7.JK3/J2VVDBYW.6ML/webb..tion_767eb7b0af98b82b_0008.0009_45d0af79838e00b7/WebBrowserAuthenticate.exe.manifest.
The file will have its original line endings in your working directory.
warning: LF will be replaced by CRLF in AppData/Local/Apps/2.0/OZK3XJD7.JK3/J2VVDBYW.6ML/webb..tion_767eb7b0af98b82b_0008.0009_45d0af79838e00b7/debug.log.
The file will have its original line endings in your working directory.
warning: LF will be replaced by CRLF in AppData/Local/Autodesk/Adlm/AdlmUserSettings.xml.
The file will have its original line endings in your working directory.
warning: LF will be replaced by CRLF in AppData/Local/Autodesk/AutoCAD 2015/R20.0/enu/InfoCenter.log.
The file will have its original line endings in your working directory.
warning: LF will be replaced by CRLF in AppData/Local/Autodesk/AutoCAD 2015/R20.0/enu/Template/Drawing1.dwl.
The file will have its original line endings in your working directory.
warning: LF will be replaced by CRLF in AppData/Local/Autodesk/AutoCAD 2015/R20.0/enu/Template/Drawing1.dwl2.
The file will have its original line endings in your working directory.
warning: LF will be replaced by CRLF in AppData/Local/Autodesk/AutoCAD 2017/R21.0/enu/BrowserCache/f_000012.
The file will have its original line endings in your working directory.
warning: LF will be replaced by CRLF in AppData/Local/Autodesk/AutoCAD 2017/R21.0/enu/InfoCenter.log.
The file will have its original line endings in your working directory.
warning: LF will be replaced by CRLF in AppData/Local/Autodesk/AutoCAD 2017/R21.0/enu/Template/Drawing1.dwl.
The file will have its original line endings in your working directory.
warning: LF will be replaced by CRLF in AppData/Local/Autodesk/AutoCAD 2017/R21.0/enu/Template/Drawing1.dwl2.
The file will have its original line endings in your working directory.
warning: LF will be replaced by CRLF in AppData/Local/Autodesk/Autodesk Desktop App/BrowserCache/f_000002.
The file will have its original line endings in your working directory.
warning: LF will be replaced by CRLF in AppData/Local/Autodesk/Autodesk Desktop App/BrowserCache/f_000011.
The file will have its original line endings in your working directory.
warning: LF will be replaced by CRLF in AppData/Local/Autodesk/Autodesk Fusion 360/CER_AutoPop.
The file will have its original line endings in your working directory.
warning: LF will be replaced by CRLF in AppData/Local/Autodesk/Autodesk Sync/Cache/SyncCache.xml.
The file will have its original line endings in your working directory.
warning: LF will be replaced by CRLF in AppData/Local/Autodesk/Autodesk Sync/SyncSettings.xml.
The file will have its original line endings in your working directory.
warning: LF will be replaced by CRLF in AppData/Local/Autodesk/Common/Material Library/16110901/user/4K2BJG5LMKPC/content/private/localization/private-eng.xlf.
The file will have its original line endings in your working directory.
warning: LF will be replaced by CRLF in AppData/Local/Autodesk/Common/Material Library/16110901/user/default/content/private/localization/private-eng.xlf.
The file will have its original line endings in your working directory.
warning: LF will be replaced by CRLF in AppData/Local/Autodesk/Inventor 2014/ENU/InfoCenter.log.
The file will have its original line endings in your working directory.
warning: LF will be replaced by CRLF in AppData/Local/Autodesk/Web Services/A360Service/WebServicesCache.xml.
The file will have its original line endings in your working directory.
warning: LF will be replaced by CRLF in AppData/Local/Autodesk/Web Services/AcSettingSync/WebServicesCache.xml.
The file will have its original line endings in your working directory.
warning: LF will be replaced by CRLF in AppData/Local/Autodesk/Web Services/AdSync/WebServicesCache.xml.
The file will have its original line endings in your working directory.
warning: LF will be replaced by CRLF in AppData/Local/Autodesk/Web Services/AutodeskDesktopApp/WebServicesCache.xml.
The file will have its original line endings in your working directory.
warning: LF will be replaced by CRLF in AppData/Local/Autodesk/Web Services/Event.xml.
The file will have its original line endings in your working directory.
warning: LF will be replaced by CRLF in AppData/Local/Autodesk/Web Services/Fusion360/WebServicesCache.xml.
The file will have its original line endings in your working directory.
warning: LF will be replaced by CRLF in AppData/Local/Autodesk/Web Services/Inventor/WebServicesCache.xml.
The file will have its original line endings in your working directory.
warning: LF will be replaced by CRLF in AppData/Local/Autodesk/Web Services/LoginState.xml.
The file will have its original line endings in your working directory.
warning: LF will be replaced by CRLF in AppData/Local/Autodesk/Web Services/acad/WebServicesCache.xml.
The file will have its original line endings in your working directory.







Ryan@Ryans-Surface MINGW64 ~ (master)
$

Ryan@Ryans-Surface MINGW64 ~ (master)
$

Ryan@Ryans-Surface MINGW64 ~ (master)
$

Ryan@Ryans-Surface MINGW64 ~ (master)
$

Ryan@Ryans-Surface MINGW64 ~ (master)
$

Ryan@Ryans-Surface MINGW64 ~ (master)
$ ^C

Ryan@Ryans-Surface MINGW64 ~ (master)
$ ^C


Ryan@Ryans-Surface MINGW64 ~ (master)
$ ^C

Ryan@Ryans-Surface MINGW64 ~ (master)
$ ^C

Ryan@Ryans-Surface MINGW64 ~ (master)
$ git status
On branch master

No commits yet

Untracked files:
  (use "git add <file>..." to include in what will be committed)

        .bash_history
        .gitconfig
        .oracle_jre_usage/
        3D Objects/
        AppData/
        Contacts/
        Desktop/
        Documents/
        Downloads/
        Favorites/
        Links/
        MECH105/
        Music/
        NTUSER.DAT
        NTUSER.DAT{b70d14dd-2621-11e7-9e3c-e62554c1e70a}.TxR.0.regtrans-ms
        NTUSER.DAT{b70d14dd-2621-11e7-9e3c-e62554c1e70a}.TxR.1.regtrans-ms
        NTUSER.DAT{b70d14dd-2621-11e7-9e3c-e62554c1e70a}.TxR.2.regtrans-ms
        NTUSER.DAT{b70d14dd-2621-11e7-9e3c-e62554c1e70a}.TxR.blf
        NTUSER.DAT{b70d14de-2621-11e7-9e3c-e62554c1e70a}.TM.blf
        NTUSER.DAT{b70d14de-2621-11e7-9e3c-e62554c1e70a}.TMContainer00000000000000000001.regtrans-ms
        NTUSER.DAT{b70d14de-2621-11e7-9e3c-e62554c1e70a}.TMContainer00000000000000000002.regtrans-ms
        OneDrive/
        Pictures/
        Saved Games/
        Searches/
        Videos/
        ntuser.dat.LOG1
        ntuser.dat.LOG2
        ntuser.ini

nothing added to commit but untracked files present (use "git add" to track)

Ryan@Ryans-Surface MINGW64 ~ (master)
$ echo "# MECH105" >> README.md

Ryan@Ryans-Surface MINGW64 ~ (master)
$ git echo "# MECH105" >> README.md
git: 'echo' is not a git command. See 'git --help'.

The most similar command is
        fetch

Ryan@Ryans-Surface MINGW64 ~ (master)
$ git init
Reinitialized existing Git repository in C:/Users/Ryan/.git/

Ryan@Ryans-Surface MINGW64 ~ (master)
$ git add Stuff.md
fatal: pathspec 'Stuff.md' did not match any files

Ryan@Ryans-Surface MINGW64 ~ (master)
$ git remote add origin https://github.com/Rfahren/MECH105.git
fatal: remote origin already exists.

Ryan@Ryans-Surface MINGW64 ~ (master)
$ git add README.md
warning: LF will be replaced by CRLF in README.md.
The file will have its original line endings in your working directory.

Ryan@Ryans-Surface MINGW64 ~ (master)
$ git commit -m "Added README file i think or made one i guess"
[master (root-commit) fbac8e0] Added README file i think or made one i guess
 1 file changed, 1 insertion(+)
 create mode 100644 README.md

Ryan@Ryans-Surface MINGW64 ~ (master)
$ gti status
bash: gti: command not found

Ryan@Ryans-Surface MINGW64 ~ (master)
$ git status
On branch master
Untracked files:
  (use "git add <file>..." to include in what will be committed)

        .bash_history
        .gitconfig
        .oracle_jre_usage/
        3D Objects/
        AppData/
        Contacts/
        Desktop/
        Documents/
        Downloads/
        Favorites/
        Links/
        MECH105/
        Music/
        NTUSER.DAT
        NTUSER.DAT{b70d14dd-2621-11e7-9e3c-e62554c1e70a}.TxR.0.regtrans-ms
        NTUSER.DAT{b70d14dd-2621-11e7-9e3c-e62554c1e70a}.TxR.1.regtrans-ms
        NTUSER.DAT{b70d14dd-2621-11e7-9e3c-e62554c1e70a}.TxR.2.regtrans-ms
        NTUSER.DAT{b70d14dd-2621-11e7-9e3c-e62554c1e70a}.TxR.blf
        NTUSER.DAT{b70d14de-2621-11e7-9e3c-e62554c1e70a}.TM.blf
        NTUSER.DAT{b70d14de-2621-11e7-9e3c-e62554c1e70a}.TMContainer00000000000000000001.regtrans-ms
        NTUSER.DAT{b70d14de-2621-11e7-9e3c-e62554c1e70a}.TMContainer00000000000000000002.regtrans-ms
        OneDrive/
        Pictures/
        Saved Games/
        Searches/
        Videos/
        ntuser.dat.LOG1
        ntuser.dat.LOG2
        ntuser.ini

nothing added to commit but untracked files present (use "git add" to track)

Ryan@Ryans-Surface MINGW64 ~ (master)
$ git log
commit fbac8e005cbab6fadecb9594f2ae9cb52c86b4e3 (HEAD -> master)
Author: Rfahren <lotblue5@aol.com>
Date:   Wed Nov 22 14:55:22 2017 -0700

    Added README file i think or made one i guess

Ryan@Ryans-Surface MINGW64 ~ (master)
$ git diff

Ryan@Ryans-Surface MINGW64 ~ (master)
$ git clean -n
Would remove .bash_history
Would remove .gitconfig
Would remove NTUSER.DAT
Would remove NTUSER.DAT{b70d14dd-2621-11e7-9e3c-e62554c1e70a}.TxR.0.regtrans-ms
Would remove NTUSER.DAT{b70d14dd-2621-11e7-9e3c-e62554c1e70a}.TxR.1.regtrans-ms
Would remove NTUSER.DAT{b70d14dd-2621-11e7-9e3c-e62554c1e70a}.TxR.2.regtrans-ms
Would remove NTUSER.DAT{b70d14dd-2621-11e7-9e3c-e62554c1e70a}.TxR.blf
Would remove NTUSER.DAT{b70d14de-2621-11e7-9e3c-e62554c1e70a}.TM.blf
Would remove NTUSER.DAT{b70d14de-2621-11e7-9e3c-e62554c1e70a}.TMContainer00000000000000000001.regtrans-ms
Would remove NTUSER.DAT{b70d14de-2621-11e7-9e3c-e62554c1e70a}.TMContainer00000000000000000002.regtrans-ms
Would remove ntuser.dat.LOG1
Would remove ntuser.dat.LOG2
Would remove ntuser.ini

Ryan@Ryans-Surface MINGW64 ~ (master)
$ git clean -f
Unlink of file 'NTUSER.DAT' failed. Should I try again? (y/n) y
Unlink of file 'NTUSER.DAT' failed. Should I try again? (y/n) y
Unlink of file 'NTUSER.DAT' failed. Should I try again? (y/n) n
warning: failed to remove NTUSER.DAT: Invalid argument
Unlink of file 'NTUSER.DAT{b70d14dd-2621-11e7-9e3c-e62554c1e70a}.TxR.0.regtrans-ms' failed. Should I try again? (y/n) n
warning: failed to remove NTUSER.DAT{b70d14dd-2621-11e7-9e3c-e62554c1e70a}.TxR.0.regtrans-ms: Invalid argument
Unlink of file 'NTUSER.DAT{b70d14dd-2621-11e7-9e3c-e62554c1e70a}.TxR.1.regtrans-ms' failed. Should I try again? (y/n) n
warning: failed to remove NTUSER.DAT{b70d14dd-2621-11e7-9e3c-e62554c1e70a}.TxR.1.regtrans-ms: Invalid argument
Unlink of file 'NTUSER.DAT{b70d14dd-2621-11e7-9e3c-e62554c1e70a}.TxR.2.regtrans-ms' failed. Should I try again? (y/n) n
warning: failed to remove NTUSER.DAT{b70d14dd-2621-11e7-9e3c-e62554c1e70a}.TxR.2.regtrans-ms: Invalid argument
Unlink of file 'NTUSER.DAT{b70d14dd-2621-11e7-9e3c-e62554c1e70a}.TxR.blf' failed. Should I try again? (y/n) n
warning: failed to remove NTUSER.DAT{b70d14dd-2621-11e7-9e3c-e62554c1e70a}.TxR.blf: Invalid argument
Unlink of file 'NTUSER.DAT{b70d14de-2621-11e7-9e3c-e62554c1e70a}.TM.blf' failed. Should I try again? (y/n) n
warning: failed to remove NTUSER.DAT{b70d14de-2621-11e7-9e3c-e62554c1e70a}.TM.blf: Invalid argument
Unlink of file 'NTUSER.DAT{b70d14de-2621-11e7-9e3c-e62554c1e70a}.TMContainer00000000000000000001.regtrans-ms' failed. Should I try again? (y/n) n
warning: failed to remove NTUSER.DAT{b70d14de-2621-11e7-9e3c-e62554c1e70a}.TMContainer00000000000000000001.regtrans-ms: Invalid argument
Unlink of file 'NTUSER.DAT{b70d14de-2621-11e7-9e3c-e62554c1e70a}.TMContainer00000000000000000002.regtrans-ms' failed. Should I try again? (y/n) n
warning: failed to remove NTUSER.DAT{b70d14de-2621-11e7-9e3c-e62554c1e70a}.TMContainer00000000000000000002.regtrans-ms: Invalid argument
Unlink of file 'ntuser.dat.LOG1' failed. Should I try again? (y/n) n
warning: failed to remove ntuser.dat.LOG1: Invalid argument
Unlink of file 'ntuser.dat.LOG2' failed. Should I try again? (y/n) n
warning: failed to remove ntuser.dat.LOG2: Invalid argument
Removing .bash_history
Removing .gitconfig
Removing ntuser.ini

Ryan@Ryans-Surface MINGW64 ~ (master)
$ git commit -m "what the fuck is this shit! why you no work!!"
git commit -m "what the fuck is this shit! why you no workgit clean -f"

*** Please tell me who you are.

Run

  git config --global user.email "you@example.com"
  git config --global user.name "Your Name"

to set your account's default identity.
Omit --global to set the identity only in this repository.

fatal: unable to auto-detect email address (got 'Ryan@Ryans-Surface.(none)')

Ryan@Ryans-Surface MINGW64 ~ (master)
$ git config --global Rfahren "lotblue5@aol.com"
error: key does not contain a section: Rfahren

Ryan@Ryans-Surface MINGW64 ~ (master)
$ git commit -m "WTF mate"

*** Please tell me who you are.

Run

  git config --global user.email "you@example.com"
  git config --global user.name "Your Name"

to set your account's default identity.
Omit --global to set the identity only in this repository.

fatal: unable to auto-detect email address (got 'Ryan@Ryans-Surface.(none)')

Ryan@Ryans-Surface MINGW64 ~ (master)
$ git config --global Rfahren "Ryan Fahrenkrug"
error: key does not contain a section: Rfahren

Ryan@Ryans-Surface MINGW64 ~ (master)
$ echo "# MECH105" >> README.md
git add README.md
git commit -m "first commit"
git remote add origin https://github.com/Rfahren/MECH105.git
git push -u origin master
Ryan@Ryans-Surface MINGW64 ~ (master)
$ git init
Reinitialized existing Git repository in C:/Users/Ryan/.git/

Ryan@Ryans-Surface MINGW64 ~ (master)
$ git add README.md
warning: LF will be replaced by CRLF in README.md.
The file will have its original line endings in your working directory.

Ryan@Ryans-Surface MINGW64 ~ (master)
$ git commit -m "first commit"

*** Please tell me who you are.

Run

  git config --global user.email "you@example.com"
  git config --global user.name "Your Name"

to set your account's default identity.
Omit --global to set the identity only in this repository.

fatal: unable to auto-detect email address (got 'Ryan@Ryans-Surface.(none)')

Ryan@Ryans-Surface MINGW64 ~ (master)
$ git remote add origin https://github.com/Rfahren/MECH105.git
fatal: remote origin already exists.

Ryan@Ryans-Surface MINGW64 ~ (master)
$ git push -u origin master
Logon failed, use ctrl+c to cancel basic credential prompt.
Username for 'https://github.com': Rfahren
Counting objects: 3, done.
Writing objects: 100% (3/3), 244 bytes | 244.00 KiB/s, done.
Total 3 (delta 0), reused 0 (delta 0)
To https://github.com/Rfahren/MECH105.git
 * [new branch]      master -> master
Branch 'master' set up to track remote branch 'master' from 'origin'.

Ryan@Ryans-Surface MINGW64 ~ (master)
$ git status
On branch master
Your branch is up to date with 'origin/master'.

Changes to be committed:
  (use "git reset HEAD <file>..." to unstage)

        modified:   README.md

Untracked files:
  (use "git add <file>..." to include in what will be committed)

        .oracle_jre_usage/
        3D Objects/
        AppData/
        Contacts/
        Desktop/
        Documents/
        Downloads/
        Favorites/
        Links/
        MECH105/
        Music/
        NTUSER.DAT
        NTUSER.DAT{b70d14dd-2621-11e7-9e3c-e62554c1e70a}.TxR.0.regtrans-ms
        NTUSER.DAT{b70d14dd-2621-11e7-9e3c-e62554c1e70a}.TxR.1.regtrans-ms
        NTUSER.DAT{b70d14dd-2621-11e7-9e3c-e62554c1e70a}.TxR.2.regtrans-ms
        NTUSER.DAT{b70d14dd-2621-11e7-9e3c-e62554c1e70a}.TxR.blf
        NTUSER.DAT{b70d14de-2621-11e7-9e3c-e62554c1e70a}.TM.blf
        NTUSER.DAT{b70d14de-2621-11e7-9e3c-e62554c1e70a}.TMContainer00000000000000000001.regtrans-ms
        NTUSER.DAT{b70d14de-2621-11e7-9e3c-e62554c1e70a}.TMContainer00000000000000000002.regtrans-ms
        OneDrive/
        Pictures/
        Saved Games/
        Searches/
        Videos/
        ntuser.dat.LOG1
        ntuser.dat.LOG2


Ryan@Ryans-Surface MINGW64 ~ (master)
$ git clean -f
Unlink of file 'NTUSER.DAT' failed. Should I try again? (y/n) y
Unlink of file 'NTUSER.DAT' failed. Should I try again? (y/n) y
Unlink of file 'NTUSER.DAT' failed. Should I try again? (y/n) y
Unlink of file 'NTUSER.DAT' failed. Should I try again? (y/n) y
yUnlink of file 'NTUSER.DAT' failed. Should I try again? (y/n)
Unlink of file 'NTUSER.DAT' failed. Should I try again? (y/n) y
Unlink of file 'NTUSER.DAT' failed. Should I try again? (y/n) y
Unlink of file 'NTUSER.DAT' failed. Should I try again? (y/n) y
Unlink of file 'NTUSER.DAT' failed. Should I try again? (y/n) y
Unlink of file 'NTUSER.DAT' failed. Should I try again? (y/n) y
Unlink of file 'NTUSER.DAT' failed. Should I try again? (y/n) y
Unlink of file 'NTUSER.DAT' failed. Should I try again? (y/n)
Sorry, I did not understand your answer. Please type 'y' or 'n'
Unlink of file 'NTUSER.DAT' failed. Should I try again? (y/n) y
Unlink of file 'NTUSER.DAT' failed. Should I try again? (y/n) y
Unlink of file 'NTUSER.DAT' failed. Should I try again? (y/n) y
Unlink of file 'NTUSER.DAT' failed. Should I try again? (y/n) y
Unlink of file 'NTUSER.DAT' failed. Should I try again? (y/n)
Sorry, I did not understand your answer. Please type 'y' or 'n'
Unlink of file 'NTUSER.DAT' failed. Should I try again? (y/n) y
Unlink of file 'NTUSER.DAT' failed. Should I try again? (y/n) y
Unlink of file 'NTUSER.DAT' failed. Should I try again? (y/n) y
Unlink of file 'NTUSER.DAT' failed. Should I try again? (y/n) y
Unlink of file 'NTUSER.DAT' failed. Should I try again? (y/n) y
Unlink of file 'NTUSER.DAT' failed. Should I try again? (y/n)
Sorry, I did not understand your answer. Please type 'y' or 'n'
Unlink of file 'NTUSER.DAT' failed. Should I try again? (y/n) y
Unlink of file 'NTUSER.DAT' failed. Should I try again? (y/n) y
Unlink of file 'NTUSER.DAT' failed. Should I try again? (y/n) n
warning: failed to remove NTUSER.DAT: Invalid argument
nUnlink of file 'NTUSER.DAT{b70d14dd-2621-11e7-9e3c-e62554c1e70a}.TxR.0.regtrans-ms' failed. Should I try again? (y/n)
warning: failed to remove NTUSER.DAT{b70d14dd-2621-11e7-9e3c-e62554c1e70a}.TxR.0.regtrans-ms: Invalid argument
nUnlink of file 'NTUSER.DAT{b70d14dd-2621-11e7-9e3c-e62554c1e70a}.TxR.1.regtrans-ms' failed. Should I try again? (y/n)
warning: failed to remove NTUSER.DAT{b70d14dd-2621-11e7-9e3c-e62554c1e70a}.TxR.1.regtrans-ms: Invalid argument
nUnlink of file 'NTUSER.DAT{b70d14dd-2621-11e7-9e3c-e62554c1e70a}.TxR.2.regtrans-ms' failed. Should I try again? (y/n)
warning: failed to remove NTUSER.DAT{b70d14dd-2621-11e7-9e3c-e62554c1e70a}.TxR.2.regtrans-ms: Invalid argument
Unlink of file 'NTUSER.DAT{b70d14dd-2621-11e7-9e3c-e62554c1e70a}.TxR.blf' failed. Should I try again? (y/n) n
warning: failed to remove NTUSER.DAT{b70d14dd-2621-11e7-9e3c-e62554c1e70a}.TxR.blf: Invalid argument
Unlink of file 'NTUSER.DAT{b70d14de-2621-11e7-9e3c-e62554c1e70a}.TM.blf' failed. Should I try again? (y/n) n
warning: failed to remove NTUSER.DAT{b70d14de-2621-11e7-9e3c-e62554c1e70a}.TM.blf: Invalid argument
Unlink of file 'NTUSER.DAT{b70d14de-2621-11e7-9e3c-e62554c1e70a}.TMContainer00000000000000000001.regtrans-ms' failed. Should I try again? (y/n)
Sorry, I did not understand your answer. Please type 'y' or 'n'
Unlink of file 'NTUSER.DAT{b70d14de-2621-11e7-9e3c-e62554c1e70a}.TMContainer00000000000000000001.regtrans-ms' failed. Should I try again? (y/n) n
warning: failed to remove NTUSER.DAT{b70d14de-2621-11e7-9e3c-e62554c1e70a}.TMContainer00000000000000000001.regtrans-ms: Invalid argument
nUnlink of file 'NTUSER.DAT{b70d14de-2621-11e7-9e3c-e62554c1e70a}.TMContainer00000000000000000002.regtrans-ms' failed. Should I try again? (y/n)
warning: failed to remove NTUSER.DAT{b70d14de-2621-11e7-9e3c-e62554c1e70a}.TMContainer00000000000000000002.regtrans-ms: Invalid argument
nUnlink of file 'ntuser.dat.LOG1' failed. Should I try again? (y/n)
warning: failed to remove ntuser.dat.LOG1: Invalid argument
nUnlink of file 'ntuser.dat.LOG2' failed. Should I try again? (y/n)
warning: failed to remove ntuser.dat.LOG2: Invalid argument

Ryan@Ryans-Surface MINGW64 ~ (master)
$ n
bash: n: command not found

Ryan@Ryans-Surface MINGW64 ~ (master)
$ n
bash: n: command not found

Ryan@Ryans-Surface MINGW64 ~ (master)
$ n
bash: n: command not found

Ryan@Ryans-Surface MINGW64 ~ (master)
$ git commit -m " I fucking hate you"

*** Please tell me who you are.

Run

  git config --global user.email "you@example.com"
  git config --global user.name "Your Name"

to set your account's default identity.
Omit --global to set the identity only in this repository.

fatal: unable to auto-detect email address (got 'Ryan@Ryans-Surface.(none)')

Ryan@Ryans-Surface MINGW64 ~ (master)
$ git config --global Rfahren "Rfahren"
error: key does not contain a section: Rfahren

Ryan@Ryans-Surface MINGW64 ~ (master)
$

Ryan@Ryans-Surface MINGW64 ~ (master)
$

Ryan@Ryans-Surface MINGW64 ~ (master)
$

Ryan@Ryans-Surface MINGW64 ~ (master)
$

Ryan@Ryans-Surface MINGW64 ~ (master)
$ echo "# MECH105" >> README.md
git add README.md
git commit -m "first commit"
git remote add origin https://github.com/Rfahren/MECH105.git
git push -u origin master
Ryan@Ryans-Surface MINGW64 ~ (master)
$ git init
Reinitialized existing Git repository in C:/Users/Ryan/.git/

Ryan@Ryans-Surface MINGW64 ~ (master)
$ git add README.md
warning: LF will be replaced by CRLF in README.md.
The file will have its original line endings in your working directory.

Ryan@Ryans-Surface MINGW64 ~ (master)
$ git commit -m "first commit"

*** Please tell me who you are.

Run

  git config --global user.email "you@example.com"
  git config --global user.name "Your Name"

to set your account's default identity.
Omit --global to set the identity only in this repository.

fatal: unable to auto-detect email address (got 'Ryan@Ryans-Surface.(none)')

Ryan@Ryans-Surface MINGW64 ~ (master)
$ git remote add origin https://github.com/Rfahren/MECH105.git
fatal: remote origin already exists.

Ryan@Ryans-Surface MINGW64 ~ (master)
$ git push -u origin master
Everything up-to-date
Branch 'master' set up to track remote branch 'master' from 'origin'.

Ryan@Ryans-Surface MINGW64 ~ (master)
$ git cd
git: 'cd' is not a git command. See 'git --help'.

The most similar command is
        add

Ryan@Ryans-Surface MINGW64 ~ (master)
$ git init
Reinitialized existing Git repository in C:/Users/Ryan/.git/

Ryan@Ryans-Surface MINGW64 ~ (master)
$ git commit -m "bananas"

*** Please tell me who you are.

Run

  git config --global user.email "you@example.com"
  git config --global user.name "Your Name"

to set your account's default identity.
Omit --global to set the identity only in this repository.

fatal: unable to auto-detect email address (got 'Ryan@Ryans-Surface.(none)')

Ryan@Ryans-Surface MINGW64 ~ (master)
$ git log
commit fbac8e005cbab6fadecb9594f2ae9cb52c86b4e3 (HEAD -> master, origin/master)
Author: Rfahren <lotblue5@aol.com>
Date:   Wed Nov 22 14:55:22 2017 -0700

    Added README file i think or made one i guess

Ryan@Ryans-Surface MINGW64 ~ (master)
$ git push
Everything up-to-date

Ryan@Ryans-Surface MINGW64 ~ (master)
$ git ststus
git: 'ststus' is not a git command. See 'git --help'.

The most similar command is
        status

Ryan@Ryans-Surface MINGW64 ~ (master)
$ git status
On branch master
Your branch is up to date with 'origin/master'.

Changes to be committed:
  (use "git reset HEAD <file>..." to unstage)

        modified:   README.md

Untracked files:
  (use "git add <file>..." to include in what will be committed)

        .oracle_jre_usage/
        3D Objects/
        AppData/
        Contacts/
        Desktop/
        Documents/
        Downloads/
        Favorites/
        Links/
        MECH105/
        Music/
        NTUSER.DAT
        NTUSER.DAT{b70d14dd-2621-11e7-9e3c-e62554c1e70a}.TxR.0.regtrans-ms
        NTUSER.DAT{b70d14dd-2621-11e7-9e3c-e62554c1e70a}.TxR.1.regtrans-ms
        NTUSER.DAT{b70d14dd-2621-11e7-9e3c-e62554c1e70a}.TxR.2.regtrans-ms
        NTUSER.DAT{b70d14dd-2621-11e7-9e3c-e62554c1e70a}.TxR.blf
        NTUSER.DAT{b70d14de-2621-11e7-9e3c-e62554c1e70a}.TM.blf
        NTUSER.DAT{b70d14de-2621-11e7-9e3c-e62554c1e70a}.TMContainer00000000000000000001.regtrans-ms
        NTUSER.DAT{b70d14de-2621-11e7-9e3c-e62554c1e70a}.TMContainer00000000000000000002.regtrans-ms
        OneDrive/
        Pictures/
        Saved Games/
        Searches/
        Videos/
        ntuser.dat.LOG1
        ntuser.dat.LOG2


Ryan@Ryans-Surface MINGW64 ~ (master)
$ echo "# Mech105_Homework" >> README.md
git add README.md
git commit -m "first commit"
git remote add origin https://github.com/Rfahren/Mech105_Homework.git
git push -u origin master
Ryan@Ryans-Surface MINGW64 ~ (master)
$ git init
Reinitialized existing Git repository in C:/Users/Ryan/.git/

Ryan@Ryans-Surface MINGW64 ~ (master)
$ git add README.md
warning: LF will be replaced by CRLF in README.md.
The file will have its original line endings in your working directory.

Ryan@Ryans-Surface MINGW64 ~ (master)
$ git commit -m "first commit"

*** Please tell me who you are.

Run

  git config --global user.email "you@example.com"
  git config --global user.name "Your Name"

to set your account's default identity.
Omit --global to set the identity only in this repository.

fatal: unable to auto-detect email address (got 'Ryan@Ryans-Surface.(none)')

Ryan@Ryans-Surface MINGW64 ~ (master)
$ git remote add origin https://github.com/Rfahren/Mech105_Homework.git
fatal: remote origin already exists.

Ryan@Ryans-Surface MINGW64 ~ (master)
$ git push -u origin master
Everything up-to-date
Branch 'master' set up to track remote branch 'master' from 'origin'.

Ryan@Ryans-Surface MINGW64 ~ (master)
$ git log
commit fbac8e005cbab6fadecb9594f2ae9cb52c86b4e3 (HEAD -> master, origin/master)
Author: Rfahren <lotblue5@aol.com>
Date:   Wed Nov 22 14:55:22 2017 -0700

    Added README file i think or made one i guess

Ryan@Ryans-Surface MINGW64 ~ (master)
$ git clone <Mech105_Homework>
bash: syntax error near unexpected token `newline'

Ryan@Ryans-Surface MINGW64 ~ (master)
$ git clone
fatal: You must specify a repository to clone.

usage: git clone [<options>] [--] <repo> [<dir>]

    -v, --verbose         be more verbose
    -q, --quiet           be more quiet
    --progress            force progress reporting
    -n, --no-checkout     don't create a checkout
    --bare                create a bare repository
    --mirror              create a mirror repository (implies bare)
    -l, --local           to clone from a local repository
    --no-hardlinks        don't use local hardlinks, always copy
    -s, --shared          setup as shared repository
    --recurse-submodules[=<pathspec>]
                          initialize submodules in the clone
    -j, --jobs <n>        number of submodules cloned in parallel
    --template <template-directory>
                          directory from which templates will be used
    --reference <repo>    reference repository
    --reference-if-able <repo>
                          reference repository
    --dissociate          use --reference only while cloning
    -o, --origin <name>   use <name> instead of 'origin' to track upstream
    -b, --branch <branch>
                          checkout <branch> instead of the remote's HEAD
    -u, --upload-pack <path>
                          path to git-upload-pack on the remote
    --depth <depth>       create a shallow clone of that depth
    --shallow-since <time>
                          create a shallow clone since a specific time
    --shallow-exclude <revision>
                          deepen history of shallow clone, excluding rev
    --single-branch       clone only one branch, HEAD or --branch
    --no-tags             don't clone any tags, and make later fetches not to follow them
    --shallow-submodules  any cloned submodules will be shallow
    --separate-git-dir <gitdir>
                          separate git dir from working tree
    -c, --config <key=value>
                          set config inside the new repository
    -4, --ipv4            use IPv4 addresses only
    -6, --ipv6            use IPv6 addresses only


Ryan@Ryans-Surface MINGW64 ~ (master)
$ git clone Mech105_Homework
fatal: repository 'Mech105_Homework' does not exist

Ryan@Ryans-Surface MINGW64 ~ (master)
$ git clone https://github.com/Rfahren/Mech105_Homework.git
Cloning into 'Mech105_Homework'...
warning: You appear to have cloned an empty repository.

Ryan@Ryans-Surface MINGW64 ~ (master)
$ git add ModSecant
fatal: pathspec 'ModSecant' did not match any files

Ryan@Ryans-Surface MINGW64 ~ (master)
$ git add .
warning: LF will be replaced by CRLF in AppData/Local/Akamai/CplTasks.xml.
The file will have its original line endings in your working directory.
warning: LF will be replaced by CRLF in AppData/Local/Akamai/Logs/daemon.debug.log.170104_174041.sent.
The file will have its original line endings in your working directory.
warning: LF will be replaced by CRLF in AppData/Local/Akamai/Logs/daemon.debug.log.170104_175148.sent.
The file will have its original line endings in your working directory.
warning: LF will be replaced by CRLF in AppData/Local/Akamai/Logs/daemon.debug.log.170104_175459.sent.
The file will have its original line endings in your working directory.
warning: LF will be replaced by CRLF in AppData/Local/Akamai/Logs/daemon.debug.log.170104_193025.sent.
The file will have its original line endings in your working directory.
warning: LF will be replaced by CRLF in AppData/Local/Akamai/Logs/daemon.debug.log.170104_214508.upload.
The file will have its original line endings in your working directory.
warning: LF will be replaced by CRLF in AppData/Local/Akamai/Logs/debug.log.
The file will have its original line endings in your working directory.
warning: LF will be replaced by CRLF in AppData/Local/Akamai/Logs/debug.log.170104_174044.sent.
The file will have its original line endings in your working directory.
warning: LF will be replaced by CRLF in AppData/Local/Akamai/Logs/debug.log.170104_175501.sent.
The file will have its original line endings in your working directory.
warning: LF will be replaced by CRLF in AppData/Local/Akamai/Logs/debug.log.170104_193027.sent.
The file will have its original line endings in your working directory.
warning: LF will be replaced by CRLF in AppData/Local/Akamai/Logs/debug.log.170104_203027.sent.
The file will have its original line endings in your working directory.
warning: LF will be replaced by CRLF in AppData/Local/Akamai/Logs/debug.log.170104_213027.sent.
The file will have its original line endings in your working directory.
warning: LF will be replaced by CRLF in AppData/Local/Akamai/client.ini.
The file will have its original line endings in your working directory.
warning: LF will be replaced by CRLF in AppData/Local/Akamai/euc_state.json.
The file will have its original line endings in your working directory.
warning: LF will be replaced by CRLF in AppData/Local/Akamai/extraroot.pem.
The file will have its original line endings in your working directory.
warning: LF will be replaced by CRLF in AppData/Local/Akamai/installer.txt.
The file will have its original line endings in your working directory.
warning: LF will be replaced by CRLF in AppData/Local/Akamai/root.pem.
The file will have its original line endings in your working directory.
warning: LF will be replaced by CRLF in AppData/Local/Akamai/user.dat.
The file will have its original line endings in your working directory.
warning: LF will be replaced by CRLF in AppData/Local/Apple Computer/iTunes/StoreLocalStorage.plist.
The file will have its original line endings in your working directory.
warning: LF will be replaced by CRLF in AppData/Local/Apple Computer/iTunes/iPodDevices.xml.
The file will have its original line endings in your working directory.
warning: LF will be replaced by CRLF in AppData/Local/Apps/2.0/OZK3XJD7.JK3/J2VVDBYW.6ML/manifests/webb...exe_767eb7b0af98b82b_0008.0009_none_bcb7b19cc0b31c0e.manifest.
The file will have its original line endings in your working directory.
warning: LF will be replaced by CRLF in AppData/Local/Apps/2.0/OZK3XJD7.JK3/J2VVDBYW.6ML/webb..tion_767eb7b0af98b82b_0008.0009_45d0af79838e00b7/WebBrowserAuthenticate.exe.manifest.
The file will have its original line endings in your working directory.
warning: LF will be replaced by CRLF in AppData/Local/Apps/2.0/OZK3XJD7.JK3/J2VVDBYW.6ML/webb..tion_767eb7b0af98b82b_0008.0009_45d0af79838e00b7/debug.log.
The file will have its original line endings in your working directory.
warning: LF will be replaced by CRLF in AppData/Local/Autodesk/Adlm/AdlmUserSettings.xml.
The file will have its original line endings in your working directory.
warning: LF will be replaced by CRLF in AppData/Local/Autodesk/AutoCAD 2015/R20.0/enu/InfoCenter.log.
The file will have its original line endings in your working directory.
warning: LF will be replaced by CRLF in AppData/Local/Autodesk/AutoCAD 2015/R20.0/enu/Template/Drawing1.dwl.
The file will have its original line endings in your working directory.
warning: LF will be replaced by CRLF in AppData/Local/Autodesk/AutoCAD 2015/R20.0/enu/Template/Drawing1.dwl2.
The file will have its original line endings in your working directory.
warning: LF will be replaced by CRLF in AppData/Local/Autodesk/AutoCAD 2017/R21.0/enu/BrowserCache/f_000012.
The file will have its original line endings in your working directory.
warning: LF will be replaced by CRLF in AppData/Local/Autodesk/AutoCAD 2017/R21.0/enu/InfoCenter.log.
The file will have its original line endings in your working directory.
warning: LF will be replaced by CRLF in AppData/Local/Autodesk/AutoCAD 2017/R21.0/enu/Template/Drawing1.dwl.
The file will have its original line endings in your working directory.
warning: LF will be replaced by CRLF in AppData/Local/Autodesk/AutoCAD 2017/R21.0/enu/Template/Drawing1.dwl2.
The file will have its original line endings in your working directory.
warning: LF will be replaced by CRLF in AppData/Local/Autodesk/Autodesk Desktop App/BrowserCache/f_000002.
The file will have its original line endings in your working directory.
warning: LF will be replaced by CRLF in AppData/Local/Autodesk/Autodesk Desktop App/BrowserCache/f_000011.
The file will have its original line endings in your working directory.
warning: LF will be replaced by CRLF in AppData/Local/Autodesk/Autodesk Fusion 360/CER_AutoPop.
The file will have its original line endings in your working directory.
warning: LF will be replaced by CRLF in AppData/Local/Autodesk/Autodesk Sync/Cache/SyncCache.xml.
The file will have its original line endings in your working directory.
warning: LF will be replaced by CRLF in AppData/Local/Autodesk/Autodesk Sync/SyncSettings.xml.
The file will have its original line endings in your working directory.
warning: LF will be replaced by CRLF in AppData/Local/Autodesk/Common/Material Library/16110901/user/4K2BJG5LMKPC/content/private/localization/private-eng.xlf.
The file will have its original line endings in your working directory.
warning: LF will be replaced by CRLF in AppData/Local/Autodesk/Common/Material Library/16110901/user/default/content/private/localization/private-eng.xlf.
The file will have its original line endings in your working directory.
warning: LF will be replaced by CRLF in AppData/Local/Autodesk/Inventor 2014/ENU/InfoCenter.log.
The file will have its original line endings in your working directory.
warning: LF will be replaced by CRLF in AppData/Local/Autodesk/Web Services/A360Service/WebServicesCache.xml.
The file will have its original line endings in your working directory.
warning: LF will be replaced by CRLF in AppData/Local/Autodesk/Web Services/AcSettingSync/WebServicesCache.xml.
The file will have its original line endings in your working directory.
warning: LF will be replaced by CRLF in AppData/Local/Autodesk/Web Services/AdSync/WebServicesCache.xml.
The file will have its original line endings in your working directory.
warning: LF will be replaced by CRLF in AppData/Local/Autodesk/Web Services/AutodeskDesktopApp/WebServicesCache.xml.
The file will have its original line endings in your working directory.
warning: LF will be replaced by CRLF in AppData/Local/Autodesk/Web Services/Event.xml.
The file will have its original line endings in your working directory.
warning: LF will be replaced by CRLF in AppData/Local/Autodesk/Web Services/Fusion360/WebServicesCache.xml.
The file will have its original line endings in your working directory.
warning: LF will be replaced by CRLF in AppData/Local/Autodesk/Web Services/Inventor/WebServicesCache.xml.
The file will have its original line endings in your working directory.
warning: LF will be replaced by CRLF in AppData/Local/Autodesk/Web Services/LoginState.xml.
The file will have its original line endings in your working directory.
warning: LF will be replaced by CRLF in AppData/Local/Autodesk/Web Services/acad/WebServicesCache.xml.
The file will have its original line endings in your working directory.


Ryan@Ryans-Surface MINGW64 ~ (master)
$ git push ModSecant
fatal: 'ModSecant' does not appear to be a git repository
fatal: Could not read from remote repository.

Please make sure you have the correct access rights
and the repository exists.

Ryan@Ryans-Surface MINGW64 ~ (master)
$ git add ModSecant.m
fatal: pathspec 'ModSecant.m' did not match any files

Ryan@Ryans-Surface MINGW64 ~ (master)
$ echo "# Mech105_Homework" >> README.md
git commit -m "first commit"
git remote add origin https://github.com/Rfahren/Mech105_Homework.git
git push -u origin master
Ryan@Ryans-Surface MINGW64 ~ (master)
$ git init
Reinitialized existing Git repository in C:/Users/Ryan/.git/

Ryan@Ryans-Surface MINGW64 ~ (master)
$ git add README.md
warning: LF will be replaced by CRLF in README.md.
The file will have its original line endings in your working directory.

Ryan@Ryans-Surface MINGW64 ~ (master)
$ git commit -m "first commit"

*** Please tell me who you are.

Run

  git config --global user.email "you@example.com"
  git config --global user.name "Your Name"

to set your account's default identity.
Omit --global to set the identity only in this repository.

fatal: unable to auto-detect email address (got 'Ryan@Ryans-Surface.(none)')

Ryan@Ryans-Surface MINGW64 ~ (master)
$ git remote add origin https://github.com/Rfahren/Mech105_Homework.git
fatal: remote origin already exists.

Ryan@Ryans-Surface MINGW64 ~ (master)
$ git push -u origin master
Everything up-to-date
Branch 'master' set up to track remote branch 'master' from 'origin'.

Ryan@Ryans-Surface MINGW64 ~ (master)
$ git status
On branch master
Your branch is up to date with 'origin/master'.

Changes to be committed:
  (use "git reset HEAD <file>..." to unstage)

        modified:   README.md

Untracked files:
  (use "git add <file>..." to include in what will be committed)

        .oracle_jre_usage/
        3D Objects/
        AppData/
        Contacts/
        Desktop/
        Documents/
        Downloads/
        Favorites/
        Links/
        MECH105/
        Mech105_Homework/
        Music/
        NTUSER.DAT
        NTUSER.DAT{b70d14dd-2621-11e7-9e3c-e62554c1e70a}.TxR.0.regtrans-ms
        NTUSER.DAT{b70d14dd-2621-11e7-9e3c-e62554c1e70a}.TxR.1.regtrans-ms
        NTUSER.DAT{b70d14dd-2621-11e7-9e3c-e62554c1e70a}.TxR.2.regtrans-ms
        NTUSER.DAT{b70d14dd-2621-11e7-9e3c-e62554c1e70a}.TxR.blf
        NTUSER.DAT{b70d14de-2621-11e7-9e3c-e62554c1e70a}.TM.blf
        NTUSER.DAT{b70d14de-2621-11e7-9e3c-e62554c1e70a}.TMContainer00000000000000000001.regtrans-ms
        NTUSER.DAT{b70d14de-2621-11e7-9e3c-e62554c1e70a}.TMContainer00000000000000000002.regtrans-ms
        OneDrive/
        Pictures/
        Saved Games/
        Searches/
        Videos/
        ntuser.dat.LOG1
        ntuser.dat.LOG2


Ryan@Ryans-Surface MINGW64 ~ (master)
$ git add ModSecant.m
fatal: pathspec 'ModSecant.m' did not match any files

Ryan@Ryans-Surface MINGW64 ~ (master)
$ git add ModSecant.md
fatal: pathspec 'ModSecant.md' did not match any files

Ryan@Ryans-Surface MINGW64 ~ (master)
$ git add README.md

Ryan@Ryans-Surface MINGW64 ~ (master)
$ git commit -m "hope this works"

*** Please tell me who you are.

Run

  git config --global user.email "you@example.com"
  git config --global user.name "Your Name"

to set your account's default identity.
Omit --global to set the identity only in this repository.

fatal: unable to auto-detect email address (got 'Ryan@Ryans-Surface.(none)')

Ryan@Ryans-Surface MINGW64 ~ (master)
$ git config --global Rfahren "Ryan"
error: key does not contain a section: Rfahren

Ryan@Ryans-Surface MINGW64 ~ (master)
$ git config -- global lotblue5 "lotblue5@aol.com"
error: key does not contain a section: global

Ryan@Ryans-Surface MINGW64 ~ (master)
$ ^C

Ryan@Ryans-Surface MINGW64 ~ (master)
$ git config --global lotblue5 "lotblue5@aol.com"
error: key does not contain a section: lotblue5

Ryan@Ryans-Surface MINGW64 ~ (master)
$ git config --global Lotblue5 "Lotblue5@aol.com"
error: key does not contain a section: Lotblue5

Ryan@Ryans-Surface MINGW64 ~ (master)
$ git log
commit fbac8e005cbab6fadecb9594f2ae9cb52c86b4e3 (HEAD -> master, origin/master)
Author: Rfahren <lotblue5@aol.com>
Date:   Wed Nov 22 14:55:22 2017 -0700

    Added README file i think or made one i guess

Ryan@Ryans-Surface MINGW64 ~ (master)
$ git config --global Lotblue5 "Lotblue5@aol.com"
error: key does not contain a section: Lotblue5

Ryan@Ryans-Surface MINGW64 ~ (master)
$ git config --global Rfahren "Rfahren"
error: key does not contain a section: Rfahren

Ryan@Ryans-Surface MINGW64 ~ (master)
$ git log
commit fbac8e005cbab6fadecb9594f2ae9cb52c86b4e3 (HEAD -> master, origin/master)
Author: Rfahren <lotblue5@aol.com>
Date:   Wed Nov 22 14:55:22 2017 -0700

    Added README file i think or made one i guess

Ryan@Ryans-Surface MINGW64 ~ (master)
$ git status
On branch master
Your branch is up to date with 'origin/master'.

Changes to be committed:
  (use "git reset HEAD <file>..." to unstage)

        modified:   README.md

Untracked files:
  (use "git add <file>..." to include in what will be committed)

        .oracle_jre_usage/
        3D Objects/
        AppData/
        Contacts/
        Desktop/
        Documents/
        Downloads/
        Favorites/
        Links/
        MECH105/
        Mech105_Homework/
        Music/
        NTUSER.DAT
        NTUSER.DAT{b70d14dd-2621-11e7-9e3c-e62554c1e70a}.TxR.0.regtrans-ms
        NTUSER.DAT{b70d14dd-2621-11e7-9e3c-e62554c1e70a}.TxR.1.regtrans-ms
        NTUSER.DAT{b70d14dd-2621-11e7-9e3c-e62554c1e70a}.TxR.2.regtrans-ms
        NTUSER.DAT{b70d14dd-2621-11e7-9e3c-e62554c1e70a}.TxR.blf
        NTUSER.DAT{b70d14de-2621-11e7-9e3c-e62554c1e70a}.TM.blf
        NTUSER.DAT{b70d14de-2621-11e7-9e3c-e62554c1e70a}.TMContainer00000000000000000001.regtrans-ms
        NTUSER.DAT{b70d14de-2621-11e7-9e3c-e62554c1e70a}.TMContainer00000000000000000002.regtrans-ms
        OneDrive/
        Pictures/
        Saved Games/
        Searches/
        Videos/
        ntuser.dat.LOG1
        ntuser.dat.LOG2


Ryan@Ryans-Surface MINGW64 ~ (master)
$ git add ModSecant.md
fatal: pathspec 'ModSecant.md' did not match any files

Ryan@Ryans-Surface MINGW64 ~ (master)
$ git add README.md

Ryan@Ryans-Surface MINGW64 ~ (master)
$ git commit -m " will this work"

*** Please tell me who you are.

Run

  git config --global user.email "you@example.com"
  git config --global user.name "Your Name"

to set your account's default identity.
Omit --global to set the identity only in this repository.

fatal: unable to auto-detect email address (got 'Ryan@Ryans-Surface.(none)')

Ryan@Ryans-Surface MINGW64 ~ (master)
$ git config --global Lotblue5@aol.com
error: invalid key: Lotblue5@aol.com

Ryan@Ryans-Surface MINGW64 ~ (master)
$ git config --global Lotblue5 Lotblue5@aol.com
error: key does not contain a section: Lotblue5

Ryan@Ryans-Surface MINGW64 ~ (master)
$   git config --global user.email "you@example.com"

Ryan@Ryans-Surface MINGW64 ~ (master)
$   git config --global user.email Lotblue5@aol.com

Ryan@Ryans-Surface MINGW64 ~ (master)
$ git config --global user.name Rfahren

Ryan@Ryans-Surface MINGW64 ~ (master)
$ git commit -m "now will you work"
[master 2d5bff5] now will you work
 1 file changed, 1 insertion(+), 1 deletion(-)

Ryan@Ryans-Surface MINGW64 ~ (master)
$ git add ModSecant.m
fatal: pathspec 'ModSecant.m' did not match any files

Ryan@Ryans-Surface MINGW64 ~ (master)
$ git remote add origin https://github.com/Rfahren/Mech105_Homework.git
fatal: remote origin already exists.

Ryan@Ryans-Surface MINGW64 ~ (master)
$ git push -u origin master
Counting objects: 3, done.
Writing objects: 100% (3/3), 264 bytes | 264.00 KiB/s, done.
Total 3 (delta 0), reused 0 (delta 0)
To https://github.com/Rfahren/MECH105.git
   fbac8e0..2d5bff5  master -> master
Branch 'master' set up to track remote branch 'master' from 'origin'.

Ryan@Ryans-Surface MINGW64 ~ (master)
$ git status
On branch master
Your branch is up to date with 'origin/master'.

Untracked files:
  (use "git add <file>..." to include in what will be committed)

        .gitconfig
        .oracle_jre_usage/
        3D Objects/
        AppData/
        Contacts/
        Desktop/
        Documents/
        Downloads/
        Favorites/
        Links/
        MECH105/
        Mech105_Homework/
        Music/
        NTUSER.DAT
        NTUSER.DAT{b70d14dd-2621-11e7-9e3c-e62554c1e70a}.TxR.0.regtrans-ms
        NTUSER.DAT{b70d14dd-2621-11e7-9e3c-e62554c1e70a}.TxR.1.regtrans-ms
        NTUSER.DAT{b70d14dd-2621-11e7-9e3c-e62554c1e70a}.TxR.2.regtrans-ms
        NTUSER.DAT{b70d14dd-2621-11e7-9e3c-e62554c1e70a}.TxR.blf
        NTUSER.DAT{b70d14de-2621-11e7-9e3c-e62554c1e70a}.TM.blf
        NTUSER.DAT{b70d14de-2621-11e7-9e3c-e62554c1e70a}.TMContainer00000000000000000001.regtrans-ms
        NTUSER.DAT{b70d14de-2621-11e7-9e3c-e62554c1e70a}.TMContainer00000000000000000002.regtrans-ms
        OneDrive/
        Pictures/
        Saved Games/
        Searches/
        Videos/
        ntuser.dat.LOG1
        ntuser.dat.LOG2

nothing added to commit but untracked files present (use "git add" to track)

Ryan@Ryans-Surface MINGW64 ~ (master)
$ git add Mod.m
fatal: pathspec 'Mod.m' did not match any files

Ryan@Ryans-Surface MINGW64 ~ (master)
$ git push origin master
Everything up-to-date

Ryan@Ryans-Surface MINGW64 ~ (master)
$ git log
commit 2d5bff5693a5ff85b8f1ee91d9528e21d3cf3f99 (HEAD -> master, origin/master)
Author: Rfahren <Lotblue5@aol.com>
Date:   Wed Nov 22 15:52:31 2017 -0700

    now will you work

commit fbac8e005cbab6fadecb9594f2ae9cb52c86b4e3
Author: Rfahren <lotblue5@aol.com>
Date:   Wed Nov 22 14:55:22 2017 -0700

    Added README file i think or made one i guess

Ryan@Ryans-Surface MINGW64 ~ (master)
$ echo "# Mech105_Homework" >> README.md
git add README.md
git commit -m "first commit"
git remote add origin https://github.com/Rfahren/Mech105_Homework.git
git push -u origin master
Ryan@Ryans-Surface MINGW64 ~ (master)
$ git init
Reinitialized existing Git repository in C:/Users/Ryan/.git/

Ryan@Ryans-Surface MINGW64 ~ (master)
$ git add README.md
warning: LF will be replaced by CRLF in README.md.
The file will have its original line endings in your working directory.

Ryan@Ryans-Surface MINGW64 ~ (master)
$ git commit -m "first commit"
[master 3a18f16] first commit
 1 file changed, 1 insertion(+)

Ryan@Ryans-Surface MINGW64 ~ (master)
$ git remote add origin https://github.com/Rfahren/Mech105_Homework.git
fatal: remote origin already exists.

Ryan@Ryans-Surface MINGW64 ~ (master)
$ git push -u origin master
Counting objects: 3, done.
Writing objects: 100% (3/3), 259 bytes | 259.00 KiB/s, done.
Total 3 (delta 0), reused 0 (delta 0)
To https://github.com/Rfahren/MECH105.git
   2d5bff5..3a18f16  master -> master
Branch 'master' set up to track remote branch 'master' from 'origin'.

Ryan@Ryans-Surface MINGW64 ~ (master)
$ git add README.md

Ryan@Ryans-Surface MINGW64 ~ (master)
$ git commit -m "are you in the right place now"
On branch master
Your branch is up to date with 'origin/master'.

Untracked files:
        .gitconfig
        .oracle_jre_usage/
        3D Objects/
        AppData/
        Contacts/
        Desktop/
        Documents/
        Downloads/
        Favorites/
        Links/
        MECH105/
        Mech105_Homework/
        Music/
        NTUSER.DAT
        NTUSER.DAT{b70d14dd-2621-11e7-9e3c-e62554c1e70a}.TxR.0.regtrans-ms
        NTUSER.DAT{b70d14dd-2621-11e7-9e3c-e62554c1e70a}.TxR.1.regtrans-ms
        NTUSER.DAT{b70d14dd-2621-11e7-9e3c-e62554c1e70a}.TxR.2.regtrans-ms
        NTUSER.DAT{b70d14dd-2621-11e7-9e3c-e62554c1e70a}.TxR.blf
        NTUSER.DAT{b70d14de-2621-11e7-9e3c-e62554c1e70a}.TM.blf
        NTUSER.DAT{b70d14de-2621-11e7-9e3c-e62554c1e70a}.TMContainer00000000000000000001.regtrans-ms
        NTUSER.DAT{b70d14de-2621-11e7-9e3c-e62554c1e70a}.TMContainer00000000000000000002.regtrans-ms
        OneDrive/
        Pictures/
        Saved Games/
        Searches/
        Videos/
        ntuser.dat.LOG1
        ntuser.dat.LOG2

nothing added to commit but untracked files present

Ryan@Ryans-Surface MINGW64 ~ (master)
$ git log
commit 3a18f1619b2e9778e4a45ec1f5b6ed8710c82992 (HEAD -> master, origin/master)
Author: Rfahren <Lotblue5@aol.com>
Date:   Wed Nov 22 15:59:53 2017 -0700

    first commit

commit 2d5bff5693a5ff85b8f1ee91d9528e21d3cf3f99
Author: Rfahren <Lotblue5@aol.com>
Date:   Wed Nov 22 15:52:31 2017 -0700

    now will you work

commit fbac8e005cbab6fadecb9594f2ae9cb52c86b4e3
Author: Rfahren <lotblue5@aol.com>
Date:   Wed Nov 22 14:55:22 2017 -0700

    Added README file i think or made one i guess

Ryan@Ryans-Surface MINGW64 ~ (master)
$ git add shit.m
fatal: pathspec 'shit.m' did not match any files

Ryan@Ryans-Surface MINGW64 ~ (master)
$ git add ModSecant.mat
fatal: pathspec 'ModSecant.mat' did not match any files

Ryan@Ryans-Surface MINGW64 ~ (master)
$ git clone https://github.com/Rfahren/Mech105_Homework.git
fatal: destination path 'Mech105_Homework' already exists and is not an empty directory.

Ryan@Ryans-Surface MINGW64 ~ (master)
$ git clean -n
Would remove .gitconfig
Would remove NTUSER.DAT
Would remove NTUSER.DAT{b70d14dd-2621-11e7-9e3c-e62554c1e70a}.TxR.0.regtrans-ms
Would remove NTUSER.DAT{b70d14dd-2621-11e7-9e3c-e62554c1e70a}.TxR.1.regtrans-ms
Would remove NTUSER.DAT{b70d14dd-2621-11e7-9e3c-e62554c1e70a}.TxR.2.regtrans-ms
Would remove NTUSER.DAT{b70d14dd-2621-11e7-9e3c-e62554c1e70a}.TxR.blf
Would remove NTUSER.DAT{b70d14de-2621-11e7-9e3c-e62554c1e70a}.TM.blf
Would remove NTUSER.DAT{b70d14de-2621-11e7-9e3c-e62554c1e70a}.TMContainer00000000000000000001.regtrans-ms
Would remove NTUSER.DAT{b70d14de-2621-11e7-9e3c-e62554c1e70a}.TMContainer00000000000000000002.regtrans-ms
Would remove ntuser.dat.LOG1
Would remove ntuser.dat.LOG2

Ryan@Ryans-Surface MINGW64 ~ (master)
$ git add stuff.txt
fatal: pathspec 'stuff.txt' did not match any files

Ryan@Ryans-Surface MINGW64 ~ (master)
$ git add stuff.md
fatal: pathspec 'stuff.md' did not match any files

Ryan@Ryans-Surface MINGW64 ~ (master)
$ git add .
warning: LF will be replaced by CRLF in .gitconfig.
The file will have its original line endings in your working directory.
warning: LF will be replaced by CRLF in AppData/Local/Akamai/CplTasks.xml.
The file will have its original line endings in your working directory.
warning: LF will be replaced by CRLF in AppData/Local/Akamai/Logs/daemon.debug.log.170104_174041.sent.
The file will have its original line endings in your working directory.
warning: LF will be replaced by CRLF in AppData/Local/Akamai/Logs/daemon.debug.log.170104_175148.sent.
The file will have its original line endings in your working directory.
warning: LF will be replaced by CRLF in AppData/Local/Akamai/Logs/daemon.debug.log.170104_175459.sent.
The file will have its original line endings in your working directory.
warning: LF will be replaced by CRLF in AppData/Local/Akamai/Logs/daemon.debug.log.170104_193025.sent.
The file will have its original line endings in your working directory.
warning: LF will be replaced by CRLF in AppData/Local/Akamai/Logs/daemon.debug.log.170104_214508.upload.
The file will have its original line endings in your working directory.
warning: LF will be replaced by CRLF in AppData/Local/Akamai/Logs/debug.log.
The file will have its original line endings in your working directory.
warning: LF will be replaced by CRLF in AppData/Local/Akamai/Logs/debug.log.170104_174044.sent.
The file will have its original line endings in your working directory.
warning: LF will be replaced by CRLF in AppData/Local/Akamai/Logs/debug.log.170104_175501.sent.
The file will have its original line endings in your working directory.
warning: LF will be replaced by CRLF in AppData/Local/Akamai/Logs/debug.log.170104_193027.sent.
The file will have its original line endings in your working directory.
warning: LF will be replaced by CRLF in AppData/Local/Akamai/Logs/debug.log.170104_203027.sent.
The file will have its original line endings in your working directory.
warning: LF will be replaced by CRLF in AppData/Local/Akamai/Logs/debug.log.170104_213027.sent.
The file will have its original line endings in your working directory.
warning: LF will be replaced by CRLF in AppData/Local/Akamai/client.ini.
The file will have its original line endings in your working directory.
warning: LF will be replaced by CRLF in AppData/Local/Akamai/euc_state.json.
The file will have its original line endings in your working directory.
warning: LF will be replaced by CRLF in AppData/Local/Akamai/extraroot.pem.
The file will have its original line endings in your working directory.
warning: LF will be replaced by CRLF in AppData/Local/Akamai/installer.txt.
The file will have its original line endings in your working directory.
warning: LF will be replaced by CRLF in AppData/Local/Akamai/root.pem.
The file will have its original line endings in your working directory.
warning: LF will be replaced by CRLF in AppData/Local/Akamai/user.dat.
The file will have its original line endings in your working directory.
warning: LF will be replaced by CRLF in AppData/Local/Apple Computer/iTunes/StoreLocalStorage.plist.
The file will have its original line endings in your working directory.
warning: LF will be replaced by CRLF in AppData/Local/Apple Computer/iTunes/iPodDevices.xml.
The file will have its original line endings in your working directory.
warning: LF will be replaced by CRLF in AppData/Local/Apps/2.0/OZK3XJD7.JK3/J2VVDBYW.6ML/manifests/webb...exe_767eb7b0af98b82b_0008.0009_none_bcb7b19cc0b31c0e.manifest.
The file will have its original line endings in your working directory.
warning: LF will be replaced by CRLF in AppData/Local/Apps/2.0/OZK3XJD7.JK3/J2VVDBYW.6ML/webb..tion_767eb7b0af98b82b_0008.0009_45d0af79838e00b7/WebBrowserAuthenticate.exe.manifest.
The file will have its original line endings in your working directory.
warning: LF will be replaced by CRLF in AppData/Local/Apps/2.0/OZK3XJD7.JK3/J2VVDBYW.6ML/webb..tion_767eb7b0af98b82b_0008.0009_45d0af79838e00b7/debug.log.
The file will have its original line endings in your working directory.
warning: LF will be replaced by CRLF in AppData/Local/Autodesk/Adlm/AdlmUserSettings.xml.
The file will have its original line endings in your working directory.
warning: LF will be replaced by CRLF in AppData/Local/Autodesk/AutoCAD 2015/R20.0/enu/InfoCenter.log.
The file will have its original line endings in your working directory.
warning: LF will be replaced by CRLF in AppData/Local/Autodesk/AutoCAD 2015/R20.0/enu/Template/Drawing1.dwl.
The file will have its original line endings in your working directory.
warning: LF will be replaced by CRLF in AppData/Local/Autodesk/AutoCAD 2015/R20.0/enu/Template/Drawing1.dwl2.
The file will have its original line endings in your working directory.
warning: LF will be replaced by CRLF in AppData/Local/Autodesk/AutoCAD 2017/R21.0/enu/BrowserCache/f_000012.
The file will have its original line endings in your working directory.
warning: LF will be replaced by CRLF in AppData/Local/Autodesk/AutoCAD 2017/R21.0/enu/InfoCenter.log.
The file will have its original line endings in your working directory.
warning: LF will be replaced by CRLF in AppData/Local/Autodesk/AutoCAD 2017/R21.0/enu/Template/Drawing1.dwl.
The file will have its original line endings in your working directory.
warning: LF will be replaced by CRLF in AppData/Local/Autodesk/AutoCAD 2017/R21.0/enu/Template/Drawing1.dwl2.
The file will have its original line endings in your working directory.
warning: LF will be replaced by CRLF in AppData/Local/Autodesk/Autodesk Desktop App/BrowserCache/f_000002.
The file will have its original line endings in your working directory.
warning: LF will be replaced by CRLF in AppData/Local/Autodesk/Autodesk Desktop App/BrowserCache/f_000011.
The file will have its original line endings in your working directory.
warning: LF will be replaced by CRLF in AppData/Local/Autodesk/Autodesk Fusion 360/CER_AutoPop.
The file will have its original line endings in your working directory.
warning: LF will be replaced by CRLF in AppData/Local/Autodesk/Autodesk Sync/Cache/SyncCache.xml.
The file will have its original line endings in your working directory.
warning: LF will be replaced by CRLF in AppData/Local/Autodesk/Autodesk Sync/SyncSettings.xml.
The file will have its original line endings in your working directory.
warning: LF will be replaced by CRLF in AppData/Local/Autodesk/Common/Material Library/16110901/user/4K2BJG5LMKPC/content/private/localization/private-eng.xlf.
The file will have its original line endings in your working directory.
warning: LF will be replaced by CRLF in AppData/Local/Autodesk/Common/Material Library/16110901/user/default/content/private/localization/private-eng.xlf.
The file will have its original line endings in your working directory.
warning: LF will be replaced by CRLF in AppData/Local/Autodesk/Inventor 2014/ENU/InfoCenter.log.
The file will have its original line endings in your working directory.
warning: LF will be replaced by CRLF in AppData/Local/Autodesk/Web Services/A360Service/WebServicesCache.xml.
The file will have its original line endings in your working directory.
warning: LF will be replaced by CRLF in AppData/Local/Autodesk/Web Services/AcSettingSync/WebServicesCache.xml.
The file will have its original line endings in your working directory.
warning: LF will be replaced by CRLF in AppData/Local/Autodesk/Web Services/AdSync/WebServicesCache.xml.
The file will have its original line endings in your working directory.
warning: LF will be replaced by CRLF in AppData/Local/Autodesk/Web Services/AutodeskDesktopApp/WebServicesCache.xml.
The file will have its original line endings in your working directory.
warning: LF will be replaced by CRLF in AppData/Local/Autodesk/Web Services/Event.xml.
The file will have its original line endings in your working directory.
warning: LF will be replaced by CRLF in AppData/Local/Autodesk/Web Services/Fusion360/WebServicesCache.xml.
The file will have its original line endings in your working directory.
warning: LF will be replaced by CRLF in AppData/Local/Autodesk/Web Services/Inventor/WebServicesCache.xml.
The file will have its original line endings in your working directory.
warning: LF will be replaced by CRLF in AppData/Local/Autodesk/Web Services/LoginState.xml.
The file will have its original line endings in your working directory.
warning: LF will be replaced by CRLF in AppData/Local/Autodesk/Web Services/acad/WebServicesCache.xml.
The file will have its original line endings in your working directory.


Ryan@Ryans-Surface MINGW64 ~ (master)
$ git reset HEAD ^C

Ryan@Ryans-Surface MINGW64 ~ (master)
$ git add .
warning: LF will be replaced by CRLF in .gitconfig.
The file will have its original line endings in your working directory.
warning: LF will be replaced by CRLF in AppData/Local/Akamai/CplTasks.xml.
The file will have its original line endings in your working directory.
warning: LF will be replaced by CRLF in AppData/Local/Akamai/Logs/daemon.debug.log.170104_174041.sent.
The file will have its original line endings in your working directory.
warning: LF will be replaced by CRLF in AppData/Local/Akamai/Logs/daemon.debug.log.170104_175148.sent.
The file will have its original line endings in your working directory.
warning: LF will be replaced by CRLF in AppData/Local/Akamai/Logs/daemon.debug.log.170104_175459.sent.
The file will have its original line endings in your working directory.
warning: LF will be replaced by CRLF in AppData/Local/Akamai/Logs/daemon.debug.log.170104_193025.sent.
The file will have its original line endings in your working directory.
warning: LF will be replaced by CRLF in AppData/Local/Akamai/Logs/daemon.debug.log.170104_214508.upload.
The file will have its original line endings in your working directory.
warning: LF will be replaced by CRLF in AppData/Local/Akamai/Logs/debug.log.
The file will have its original line endings in your working directory.
warning: LF will be replaced by CRLF in AppData/Local/Akamai/Logs/debug.log.170104_174044.sent.
The file will have its original line endings in your working directory.
warning: LF will be replaced by CRLF in AppData/Local/Akamai/Logs/debug.log.170104_175501.sent.
The file will have its original line endings in your working directory.
warning: LF will be replaced by CRLF in AppData/Local/Akamai/Logs/debug.log.170104_193027.sent.
The file will have its original line endings in your working directory.
warning: LF will be replaced by CRLF in AppData/Local/Akamai/Logs/debug.log.170104_203027.sent.
The file will have its original line endings in your working directory.
warning: LF will be replaced by CRLF in AppData/Local/Akamai/Logs/debug.log.170104_213027.sent.
The file will have its original line endings in your working directory.
warning: LF will be replaced by CRLF in AppData/Local/Akamai/client.ini.
The file will have its original line endings in your working directory.
warning: LF will be replaced by CRLF in AppData/Local/Akamai/euc_state.json.
The file will have its original line endings in your working directory.
warning: LF will be replaced by CRLF in AppData/Local/Akamai/extraroot.pem.
The file will have its original line endings in your working directory.
warning: LF will be replaced by CRLF in AppData/Local/Akamai/installer.txt.
The file will have its original line endings in your working directory.
warning: LF will be replaced by CRLF in AppData/Local/Akamai/root.pem.
The file will have its original line endings in your working directory.
warning: LF will be replaced by CRLF in AppData/Local/Akamai/user.dat.
The file will have its original line endings in your working directory.
warning: LF will be replaced by CRLF in AppData/Local/Apple Computer/iTunes/StoreLocalStorage.plist.
The file will have its original line endings in your working directory.
warning: LF will be replaced by CRLF in AppData/Local/Apple Computer/iTunes/iPodDevices.xml.
The file will have its original line endings in your working directory.
warning: LF will be replaced by CRLF in AppData/Local/Apps/2.0/OZK3XJD7.JK3/J2VVDBYW.6ML/manifests/webb...exe_767eb7b0af98b82b_0008.0009_none_bcb7b19cc0b31c0e.manifest.
The file will have its original line endings in your working directory.
warning: LF will be replaced by CRLF in AppData/Local/Apps/2.0/OZK3XJD7.JK3/J2VVDBYW.6ML/webb..tion_767eb7b0af98b82b_0008.0009_45d0af79838e00b7/WebBrowserAuthenticate.exe.manifest.
The file will have its original line endings in your working directory.
warning: LF will be replaced by CRLF in AppData/Local/Apps/2.0/OZK3XJD7.JK3/J2VVDBYW.6ML/webb..tion_767eb7b0af98b82b_0008.0009_45d0af79838e00b7/debug.log.
The file will have its original line endings in your working directory.

warning: LF will be replaced by CRLF in AppData/Local/Autodesk/Adlm/AdlmUserSettings.xml.
The file will have its original line endings in your working directory.


Ryan@Ryans-Surface MINGW64 ~ (master)
$

Ryan@Ryans-Surface MINGW64 ~ (master)
$ git status
On branch master
Your branch is up to date with 'origin/master'.

Untracked files:
  (use "git add <file>..." to include in what will be committed)

        .gitconfig
        .oracle_jre_usage/
        3D Objects/
        AppData/
        Contacts/
        Desktop/
        Documents/
        Downloads/
        Favorites/
        Links/
        MECH105/
        Mech105_Homework/
        Music/
        NTUSER.DAT
        NTUSER.DAT{b70d14dd-2621-11e7-9e3c-e62554c1e70a}.TxR.0.regtrans-ms
        NTUSER.DAT{b70d14dd-2621-11e7-9e3c-e62554c1e70a}.TxR.1.regtrans-ms
        NTUSER.DAT{b70d14dd-2621-11e7-9e3c-e62554c1e70a}.TxR.2.regtrans-ms
        NTUSER.DAT{b70d14dd-2621-11e7-9e3c-e62554c1e70a}.TxR.blf
        NTUSER.DAT{b70d14de-2621-11e7-9e3c-e62554c1e70a}.TM.blf
        NTUSER.DAT{b70d14de-2621-11e7-9e3c-e62554c1e70a}.TMContainer00000000000000000001.regtrans-ms
        NTUSER.DAT{b70d14de-2621-11e7-9e3c-e62554c1e70a}.TMContainer00000000000000000002.regtrans-ms
        OneDrive/
        Pictures/
        Saved Games/
        Searches/
        Videos/
        ntuser.dat.LOG1
        ntuser.dat.LOG2

nothing added to commit but untracked files present (use "git add" to track)

Ryan@Ryans-Surface MINGW64 ~ (master)
$ git add
Nothing specified, nothing added.
Maybe you wanted to say 'git add .'?

Ryan@Ryans-Surface MINGW64 ~ (master)
$ git init
Reinitialized existing Git repository in C:/Users/Ryan/.git/

Ryan@Ryans-Surface MINGW64 ~ (master)
$ git path
git: 'path' is not a git command. See 'git --help'.

The most similar command is
        stash

Ryan@Ryans-Surface MINGW64 ~ (master)
$ git add origin ^C

Ryan@Ryans-Surface MINGW64 ~ (master)
$ git add origin  https://github.com/Rfahren/Mech105_Homework.git
fatal: pathspec 'origin' did not match any files

Ryan@Ryans-Surface MINGW64 ~ (master)
$ git init
Reinitialized existing Git repository in C:/Users/Ryan/.git/

Ryan@Ryans-Surface MINGW64 ~ (master)
$ git clone  https://github.com/Rfahren/Mech105_Homework.git
fatal: destination path 'Mech105_Homework' already exists and is not an empty directory.

Ryan@Ryans-Surface MINGW64 ~ (master)
$

Ryan@Ryans-Surface MINGW64 ~ (master)
$ git push README.md
fatal: Invalid gitfile format: README.md
fatal: Could not read from remote repository.

Please make sure you have the correct access rights
and the repository exists.

Ryan@Ryans-Surface MINGW64 ~ (master)
$ git pull README.md
fatal: Invalid gitfile format: README.md
fatal: Could not read from remote repository.

Please make sure you have the correct access rights
and the repository exists.

Ryan@Ryans-Surface MINGW64 ~ (master)
$ git log
commit 3a18f1619b2e9778e4a45ec1f5b6ed8710c82992 (HEAD -> master, origin/master)
Author: Rfahren <Lotblue5@aol.com>
Date:   Wed Nov 22 15:59:53 2017 -0700

    first commit

commit 2d5bff5693a5ff85b8f1ee91d9528e21d3cf3f99
Author: Rfahren <Lotblue5@aol.com>
Date:   Wed Nov 22 15:52:31 2017 -0700

    now will you work

commit fbac8e005cbab6fadecb9594f2ae9cb52c86b4e3
Author: Rfahren <lotblue5@aol.com>
Date:   Wed Nov 22 14:55:22 2017 -0700

    Added README file i think or made one i guess

Ryan@Ryans-Surface MINGW64 ~ (master)
$ git status
On branch master
Your branch is up to date with 'origin/master'.

Untracked files:
  (use "git add <file>..." to include in what will be committed)

        .gitconfig
        .oracle_jre_usage/
        3D Objects/
        AppData/
        Contacts/
        Desktop/
        Documents/
        Downloads/
        Favorites/
        Links/
        MECH105/
        Mech105_Homework/
        Music/
        NTUSER.DAT
        NTUSER.DAT{b70d14dd-2621-11e7-9e3c-e62554c1e70a}.TxR.0.regtrans-ms
        NTUSER.DAT{b70d14dd-2621-11e7-9e3c-e62554c1e70a}.TxR.1.regtrans-ms
        NTUSER.DAT{b70d14dd-2621-11e7-9e3c-e62554c1e70a}.TxR.2.regtrans-ms
        NTUSER.DAT{b70d14dd-2621-11e7-9e3c-e62554c1e70a}.TxR.blf
        NTUSER.DAT{b70d14de-2621-11e7-9e3c-e62554c1e70a}.TM.blf
        NTUSER.DAT{b70d14de-2621-11e7-9e3c-e62554c1e70a}.TMContainer00000000000000000001.regtrans-ms
        NTUSER.DAT{b70d14de-2621-11e7-9e3c-e62554c1e70a}.TMContainer00000000000000000002.regtrans-ms
        OneDrive/
        Pictures/
        Saved Games/
        Searches/
        Videos/
        ntuser.dat.LOG1
        ntuser.dat.LOG2

nothing added to commit but untracked files present (use "git add" to track)

Ryan@Ryans-Surface MINGW64 ~ (master)
$ ^C

Ryan@Ryans-Surface MINGW64 ~ (master)
$
